// Vitest Snapshot v1, https://vitest.dev/guide/snapshot.html

exports[`Snapshot Test 1`] = `
<div>
  <div
    class="MuiPaper-root MuiPaper-outlined MuiPaper-rounded MuiCard-root css-1v5z4dq-MuiPaper-root-MuiCard-root"
  >
    <div
      class="MuiCardHeader-root css-185gdzj-MuiCardHeader-root"
      data-testid="header"
    >
      <div
        class="MuiCardHeader-avatar css-1ssile9-MuiCardHeader-avatar"
      >
        <div
          aria-label="recipe"
          class="MuiAvatar-root MuiAvatar-circular MuiAvatar-colorDefault css-10m8oxi-MuiAvatar-root"
        >
          2
        </div>
      </div>
      <div
        class="MuiCardHeader-content css-1qbkelo-MuiCardHeader-content"
      >
        <span
          class="MuiTypography-root MuiTypography-body2 MuiCardHeader-title css-et1ao3-MuiTypography-root"
        >
          Lewis Hamilton
        </span>
        <span
          class="MuiTypography-root MuiTypography-body2 MuiCardHeader-subheader css-83ijpv-MuiTypography-root"
        >
          Mercedes
        </span>
      </div>
      <div
        class="MuiCardHeader-action css-sgoict-MuiCardHeader-action"
      >
        <div
          class="MuiBox-root css-ctup6s"
        >
          <p
            class="MuiTypography-root MuiTypography-body1 css-eflgtu-MuiTypography-root"
          >
            HAM
          </p>
        </div>
      </div>
    </div>
    <img
      alt="Paella dish"
      class="MuiCardMedia-root MuiCardMedia-media MuiCardMedia-img css-o69gx8-MuiCardMedia-root"
      src="http://localhost:3000/images/hamilton.jpg"
    />
    <div
      class="MuiCardActions-root MuiCardActions-spacing css-dnrpxu-MuiCardActions-root"
    >
      <button
        aria-label="add to favorites"
        class="MuiButtonBase-root MuiIconButton-root MuiIconButton-sizeMedium css-djcg5u-MuiButtonBase-root-MuiIconButton-root"
        data-testid="button"
        tabindex="0"
        type="button"
      >
        <svg
          aria-hidden="true"
          class="MuiSvgIcon-root MuiSvgIcon-fontSizeMedium css-i4bv87-MuiSvgIcon-root"
          data-testid="ArrowUpwardIcon"
          focusable="false"
          viewBox="0 0 24 24"
        >
          <path
            d="m4 12 1.41 1.41L11 7.83V20h2V7.83l5.58 5.59L20 12l-8-8z"
          />
        </svg>
        <span
          class="MuiTouchRipple-root css-8je8zh-MuiTouchRipple-root"
        />
      </button>
    </div>
  </div>
</div>
`;
